src/App.tsx(54,3): error TS2304: Cannot find name 'useEffect'.
src/App.tsx(55,26): error TS2503: Cannot find namespace 'NodeJS'.
src/components/dashboard/Dashboard.tsx(16,3): error TS6133: 'Printer' is declared but its value is never read.
src/components/dashboard/Dashboard.tsx(17,3): error TS6133: 'PrinterIcon' is declared but its value is never read.
src/components/dashboard/PrintTab.tsx(6,3): error TS6133: 'ShoppingBag' is declared but its value is never read.
src/components/dashboard/PrintTab.tsx(14,1): error TS6133: 'formatCurrency' is declared but its value is never read.
src/components/dashboard/PrintTab.tsx(15,1): error TS6133: 'OrderStatus' is declared but its value is never read.
